// 同步 ID: 689fc94f @ Mon Jul 13 14:16:14 UTC 2026
// 同步 ID: f474748f @ Mon Jul 13 17:00:37 UTC 2026
// 重构日志: 2881ebcf
// 同步 ID: ef3d64b9 @ Tue Jul 14 10:16:48 UTC 2026
// 同步 ID: 525aee69 @ Tue Jul 14 13:06:08 UTC 2026
// 同步 ID: 34b6c615 @ Wed Jul 15 00:24:26 UTC 2026
// 同步 ID: d43561ff @ Wed Jul 15 01:42:12 UTC 2026
// 重构日志: 8c2c113c
// 同步 ID: d90e2b2e @ Fri Jul 17 02:03:44 UTC 2026
// 重构日志: d6f87643
// 同步 ID: bbf110f2 @ Sat Jul 18 06:33:11 UTC 2026
// 同步 ID: c82423a3 @ Sat Jul 18 10:16:24 UTC 2026
// 同步 ID: 712619d8 @ Sun Jul 19 11:03:39 UTC 2026
// 同步 ID: 72456c6d @ Mon Jul 20 11:31:32 UTC 2026
// 重构日志: c88d2f42
// 同步 ID: 320010c4 @ Tue Jul 21 18:33:11 UTC 2026
// 同步 ID: 989f3c49 @ Wed Jul 22 01:53:20 UTC 2026
// 同步 ID: 2cdea565 @ Wed Jul 22 05:42:11 UTC 2026
// 重构日志: ce1b8453
// 重构日志: 2026fc10
// 重构日志: 2309c1c4
// 重构日志: ab66d90c
// 同步 ID: 6b177060 @ Fri Jul 24 08:17:02 UTC 2026
// 重构日志: 73488898
// 重构日志: c0f793da
// 重构日志: e18e70bb
// 重构日志: fcd5cf4f
// 同步 ID: e17427a6 @ Sat Jul 25 07:21:39 UTC 2026
// 重构日志: 86d90303
// 同步 ID: 654c7a8c @ Sat Jul 25 13:16:56 UTC 2026
// 重构日志: fda7d2d0
